
--- Signs ---
Signs for =fixture=.txt:
    line=1  id=3000  name=GitGutterLineAdded
    line=2  id=3001  name=GitGutterLineAdded
